src/App.tsx(217,19): error TS2554: Expected 1 arguments, but got 0.
src/App.tsx(258,19): error TS2554: Expected 1 arguments, but got 0.
src/App.tsx(358,19): error TS2554: Expected 1 arguments, but got 0.
src/App.tsx(399,19): error TS2554: Expected 1 arguments, but got 0.
src/App.tsx(432,19): error TS2554: Expected 1 arguments, but got 0.
src/App.tsx(465,19): error TS2554: Expected 1 arguments, but got 0.
src/App.tsx(1005,33): error TS2554: Expected 1 arguments, but got 0.
src/App.tsx(1105,37): error TS2554: Expected 1 arguments, but got 0.
src/App.tsx(1127,39): error TS2554: Expected 1 arguments, but got 0.
